/Users/koala/hfhe_challenge_v2/twitter_public_search_refresh.py:14: DeprecationWarning: datetime.datetime.utcnow() is deprecated and scheduled for removal in a future version. Use timezone-aware objects to represent datetimes in UTC: datetime.datetime.now(datetime.UTC).
  print('# Public Twitter/X search via DuckDuckGo', datetime.datetime.utcnow().isoformat()+'Z')
# Public Twitter/X search via DuckDuckGo 2026-07-25T14:03:36.723834Z

## query: site:x.com octra HFHE challenge v2
bytes 14226

## query: site:x.com octra hfhe solved
bytes 14214

## query: site:x.com octra hfhe private key
bytes 14212

## query: site:x.com octra hfhe lpn samples
bytes 14212

## query: site:x.com octC5eR9pLGKbpzTbDgHowkFt8HW7LZYb2gzehzxHamxuAZ
bytes 14274

## query: site:x.com 2075336875322032268
bytes 32560
1. open HFHE challenge v2 this wallet holds 500,000 OCT ...
   https://x.com/octra/status/2075336875322032268
   
2. X. See what's happening
   https://x.com/
   
3. x.com
   https://x.com/X.
   
4. BREAKING: President Trump Just Went Inside the Situation Room Trump has ...
   https://x.com/bennyjohnson/status/2077577672813638043
   
5. I am shocked by the scenes at the White House Correspondents' Dinner in ...
   https://x.com/keir_starmer/status/2048309288439853567
   
6. And a special thank you to @BannedMacMahon, @WindhorstESPN and Jackson ...
   https://x.com/TimBontemps/status/2074849551924789615
   
7. Kremlin: for Now, There Are No Immediate Prospects for Resuming Peace ...
   https://x.com/FirstSquawk/status/2077691369032962077
   
8. Ukraine is changing its political strategy. Each priority area of ...
   https://x.com/ZelenskyyUa/status/2076264578229391430
   

## query: site:x.com octralex HFHE challenge
bytes 14226

## query: site:x.com octrabunch HFHE challenge
bytes 14218

# unique candidate X URLs
https://x.com/octra/status/2075336875322032268
https://x.com/
https://x.com/X.
https://x.com/bennyjohnson/status/2077577672813638043
https://x.com/keir_starmer/status/2048309288439853567
https://x.com/TimBontemps/status/2074849551924789615
https://x.com/FirstSquawk/status/2077691369032962077
https://x.com/ZelenskyyUa/status/2076264578229391430
